============================= test session starts =============================
platform win32 -- Python 3.12.6, pytest-9.0.2, pluggy-1.5.0
rootdir: C:\Users\PC\OneDrive\Desktop\inmobiliaria velar\PYTHON-REFLEX
plugins: anyio-3.7.1, cov-7.0.0, mock-3.15.1, timeout-2.4.0
collected 91 items

tests\unit\test_entidades\test_descuento_asesor.py .F..F                 [  5%]
tests\unit\test_entidades\test_liquidacion_asesor.py .................   [ 24%]
tests\unit\test_entidades\test_pago_asesor.py ..........                 [ 35%]
tests\unit\test_entidades\test_persona.py .....                          [ 40%]
tests\unit\test_entidades\test_propiedad.py .......                      [ 48%]
tests\unit\test_parametro_sistema.py ..............                      [ 63%]
tests\unit\test_recibo_publico.py ............                           [ 76%]
tests\unit\test_servicios_dominio\test_crear_arrendamiento_ocupa_propiedad.py . [ 78%]
.                                                                        [ 79%]
tests\unit\test_value_objects\test_dinero.py ...................         [100%]

================================== FAILURES ===================================
____________ TestDescuentoAsesorCreacion.test_todos_tipos_validos _____________

self = <unit.test_entidades.test_descuento_asesor.TestDescuentoAsesorCreacion object at 0x000001C025943D70>

    def test_todos_tipos_validos(self):
        """Test: Todos los tipos de descuento vßlidos."""
        tipos_validos = ["PrÚstamo", "Anticipo", "Sanci¾n", "Ajuste", "Otros"]
    
        for i, tipo in enumerate(tipos_validos):
>           descuento = DescuentoAsesor(
                id_descuento_asesor=i+1,
                id_liquidacion_asesor=10,
                tipo_descuento=tipo,
                descripcion_descuento=f"Descuento tipo {tipo}",
                valor_descuento=10000
            )

tests\unit\test_entidades\test_descuento_asesor.py:32: 
_ _ _ _ _ _ _ _ _ _ _ _ _ _ _ _ _ _ _ _ _ _ _ _ _ _ _ _ _ _ _ _ _ _ _ _ _ _ _ _
<string>:11: in __init__
    ???
_ _ _ _ _ _ _ _ _ _ _ _ _ _ _ _ _ _ _ _ _ _ _ _ _ _ _ _ _ _ _ _ _ _ _ _ _ _ _ _

self = DescuentoAsesor(id_descuento_asesor=2, id_liquidacion_asesor=10, tipo_descuento='Anticipo', descripcion_descuento='Des...o tipo Anticipo', valor_descuento=10000, fecha_registro=None, created_at='2026-03-21T09:52:10.831608', created_by=None)

    def __post_init__(self):
        """Validaciones de reglas de negocio"""
        if self.valor_descuento < 0:
            raise ValueError("El valor del descuento debe ser mayor o igual a cero")
    
        if self.tipo_descuento and self.tipo_descuento not in self.TIPOS_DESCUENTO:
>           raise ValueError(
                f"Tipo de descuento invßlido: {self.tipo_descuento}. "
                f"Debe ser uno de: {', '.join(self.TIPOS_DESCUENTO)}"
            )
E           ValueError: Tipo de descuento invßlido: Anticipo. Debe ser uno de: Debug, Otros, PrÚstamo

src\dominio\entidades\descuento_asesor.py:48: ValueError
___________ TestDescuentoAsesorValidaciones.test_valor_cero_valido ____________

self = <unit.test_entidades.test_descuento_asesor.TestDescuentoAsesorValidaciones object at 0x000001C027DBEBA0>

    def test_valor_cero_valido(self):
        """Test: Valor cero es vßlido."""
>       descuento = DescuentoAsesor(
            id_descuento_asesor=1,
            id_liquidacion_asesor=10,
            tipo_descuento="Ajuste",
            descripcion_descuento="Ajuste a cero",
            valor_descuento=0
        )

tests\unit\test_entidades\test_descuento_asesor.py:69: 
_ _ _ _ _ _ _ _ _ _ _ _ _ _ _ _ _ _ _ _ _ _ _ _ _ _ _ _ _ _ _ _ _ _ _ _ _ _ _ _
<string>:11: in __init__
    ???
_ _ _ _ _ _ _ _ _ _ _ _ _ _ _ _ _ _ _ _ _ _ _ _ _ _ _ _ _ _ _ _ _ _ _ _ _ _ _ _

self = DescuentoAsesor(id_descuento_asesor=1, id_liquidacion_asesor=10, tipo_descuento='Ajuste', descripcion_descuento='Ajuste a cero', valor_descuento=0, fecha_registro=None, created_at='2026-03-21T09:52:11.150789', created_by=None)

    def __post_init__(self):
        """Validaciones de reglas de negocio"""
        if self.valor_descuento < 0:
            raise ValueError("El valor del descuento debe ser mayor o igual a cero")
    
        if self.tipo_descuento and self.tipo_descuento not in self.TIPOS_DESCUENTO:
>           raise ValueError(
                f"Tipo de descuento invßlido: {self.tipo_descuento}. "
                f"Debe ser uno de: {', '.join(self.TIPOS_DESCUENTO)}"
            )
E           ValueError: Tipo de descuento invßlido: Ajuste. Debe ser uno de: Debug, Otros, PrÚstamo

src\dominio\entidades\descuento_asesor.py:48: ValueError
============================== warnings summary ===============================
src\infraestructura\configuracion\settings.py:13
  C:\Users\PC\OneDrive\Desktop\inmobiliaria velar\PYTHON-REFLEX\src\infraestructura\configuracion\settings.py:13: PydanticDeprecatedSince20: Support for class-based `config` is deprecated, use ConfigDict instead. Deprecated in Pydantic V2.0 to be removed in V3.0. See Pydantic V2 Migration Guide at https://errors.pydantic.dev/2.12/migration/
    class Settings(BaseSettings):

-- Docs: https://docs.pytest.org/en/stable/how-to/capture-warnings.html
=========================== short test summary info ===========================
FAILED tests/unit/test_entidades/test_descuento_asesor.py::TestDescuentoAsesorCreacion::test_todos_tipos_validos
FAILED tests/unit/test_entidades/test_descuento_asesor.py::TestDescuentoAsesorValidaciones::test_valor_cero_valido
=================== 2 failed, 89 passed, 1 warning in 2.14s ===================
